<testsuites id="" name="" tests="95" failures="0" skipped="4" errors="0" time="159.43729799999997">
<testsuite name="auth.setup.js" timestamp="2026-10-06T21:09:34.620Z" hostname="setup" tests="3" failures="0" skipped="0" time="5.997" errors="0">
<testcase name="iniciar sesión como inmobiliaria" classname="auth.setup.js" time="2.529">
<system-out>
<![CDATA[
[[ATTACHMENT|auth.setup.js-iniciar-sesión-como-inmobiliaria-setup/test-finished-1.png]]
]]>
</system-out>
</testcase>
<testcase name="iniciar sesión como inquilino" classname="auth.setup.js" time="1.721">
<system-out>
<![CDATA[
[[ATTACHMENT|auth.setup.js-iniciar-sesión-como-inquilino-setup/test-finished-1.png]]
]]>
</system-out>
</testcase>
<testcase name="iniciar sesión como propietario" classname="auth.setup.js" time="1.747">
<system-out>
<![CDATA[
[[ATTACHMENT|auth.setup.js-iniciar-sesión-como-propietario-setup/test-finished-1.png]]
]]>
</system-out>
</testcase>
</testsuite>
<testsuite name="caja-blanca.spec.js" timestamp="2026-10-06T21:09:34.620Z" hostname="chromium" tests="19" failures="0" skipped="0" time="26.53" errors="0">
<testcase name="CP-CU18-20 - camino básico de validar() (caja blanca) › CP-CU18-20 - camino 1: título vacío" classname="caja-blanca.spec.js" time="1.097">
<system-out>
<![CDATA[
[[ATTACHMENT|caja-blanca-CP-CU18-20---c-2dcfc--20---camino-1-título-vacío-chromium/test-finished-1.png]]
]]>
</system-out>
</testcase>
<testcase name="CP-CU18-20 - camino básico de validar() (caja blanca) › CP-CU18-20 - camino 2: sin operación" classname="caja-blanca.spec.js" time="0.91">
<system-out>
<![CDATA[
[[ATTACHMENT|caja-blanca-CP-CU18-20---c-6b7d2-20---camino-2-sin-operación-chromium/test-finished-1.png]]
]]>
</system-out>
</testcase>
<testcase name="CP-CU18-20 - camino básico de validar() (caja blanca) › CP-CU18-20 - camino 3: sin tipo de inmueble" classname="caja-blanca.spec.js" time="0.926">
<system-out>
<![CDATA[
[[ATTACHMENT|caja-blanca-CP-CU18-20---c-112e7-mino-3-sin-tipo-de-inmueble-chromium/test-finished-1.png]]
]]>
</system-out>
</testcase>
<testcase name="CP-CU18-20 - camino básico de validar() (caja blanca) › CP-CU18-20 - camino 4: sin provincia" classname="caja-blanca.spec.js" time="1.376">
<system-out>
<![CDATA[
[[ATTACHMENT|caja-blanca-CP-CU18-20---c-007a8-20---camino-4-sin-provincia-chromium/test-finished-1.png]]
]]>
</system-out>
</testcase>
<testcase name="CP-CU18-20 - camino básico de validar() (caja blanca) › CP-CU18-20 - camino 5: sin ciudad" classname="caja-blanca.spec.js" time="1.407">
<system-out>
<![CDATA[
[[ATTACHMENT|caja-blanca-CP-CU18-20---c-a3722-18-20---camino-5-sin-ciudad-chromium/test-finished-1.png]]
]]>
</system-out>
</testcase>
<testcase name="CP-CU18-20 - camino básico de validar() (caja blanca) › CP-CU18-20 - camino 6: dirección vacía" classname="caja-blanca.spec.js" time="0.954">
<system-out>
<![CDATA[
[[ATTACHMENT|caja-blanca-CP-CU18-20---c-1a5a2----camino-6-dirección-vacía-chromium/test-finished-1.png]]
]]>
</system-out>
</testcase>
<testcase name="CP-CU18-20 - camino básico de validar() (caja blanca) › CP-CU18-20 - camino 7a: precio vacío" classname="caja-blanca.spec.js" time="1.376">
<system-out>
<![CDATA[
[[ATTACHMENT|caja-blanca-CP-CU18-20---c-85bef-20---camino-7a-precio-vacío-chromium/test-finished-1.png]]
]]>
</system-out>
</testcase>
<testcase name="CP-CU18-20 - camino básico de validar() (caja blanca) › CP-CU18-20 - camino 7b: precio 0" classname="caja-blanca.spec.js" time="0.944">
<system-out>
<![CDATA[
[[ATTACHMENT|caja-blanca-CP-CU18-20---c-738e2-U18-20---camino-7b-precio-0-chromium/test-finished-1.png]]
]]>
</system-out>
</testcase>
<testcase name="CP-CU18-20 - camino básico de validar() (caja blanca) › CP-CU18-20 - camino 8: dormitorios negativos" classname="caja-blanca.spec.js" time="0.911">
<system-out>
<![CDATA[
[[ATTACHMENT|caja-blanca-CP-CU18-20---c-ef77c-ino-8-dormitorios-negativos-chromium/test-finished-1.png]]
]]>
</system-out>
</testcase>
<testcase name="CP-CU18-20 - camino básico de validar() (caja blanca) › CP-CU18-20 - camino 9: baños negativos" classname="caja-blanca.spec.js" time="0.911">
<system-out>
<![CDATA[
[[ATTACHMENT|caja-blanca-CP-CU18-20---c-1c308----camino-9-baños-negativos-chromium/test-finished-1.png]]
]]>
</system-out>
</testcase>
<testcase name="CP-CU18-20 - camino básico de validar() (caja blanca) › CP-CU18-20 - camino 10: superficie total negativa" classname="caja-blanca.spec.js" time="0.872">
<system-out>
<![CDATA[
[[ATTACHMENT|caja-blanca-CP-CU18-20---c-43096-0-superficie-total-negativa-chromium/test-finished-1.png]]
]]>
</system-out>
</testcase>
<testcase name="CP-CU18-20 - camino básico de validar() (caja blanca) › CP-CU18-20 - camino 11: superficie cubierta negativa" classname="caja-blanca.spec.js" time="0.805">
<system-out>
<![CDATA[
[[ATTACHMENT|caja-blanca-CP-CU18-20---c-84e59-uperficie-cubierta-negativa-chromium/test-finished-1.png]]
]]>
</system-out>
</testcase>
<testcase name="CP-CU18-20 - camino básico de validar() (caja blanca) › CP-CU18-20 - camino 12: cubierta mayor que total" classname="caja-blanca.spec.js" time="1.388">
<system-out>
<![CDATA[
[[ATTACHMENT|caja-blanca-CP-CU18-20---c-09e7f-12-cubierta-mayor-que-total-chromium/test-finished-1.png]]
]]>
</system-out>
</testcase>
<testcase name="CP-CU18-21 - caminos del control de acceso por rol (caja blanca) › CP-CU18-21 - camino 1: mientras se carga el perfil muestra &quot;Cargando sesion...&quot;" classname="caja-blanca.spec.js" time="0.553">
<system-out>
<![CDATA[
[[ATTACHMENT|caja-blanca-CP-CU18-21---c-62cc8-il-muestra-Cargando-sesion--chromium/test-finished-1.png]]
]]>
</system-out>
</testcase>
<testcase name="CP-CU18-21 - caminos del control de acceso por rol (caja blanca) › CP-CU18-21 - camino 3 (sin perfil): con sesión pero sin perfil muestra &quot;Acceso no autorizado&quot;" classname="caja-blanca.spec.js" time="7.759">
<system-out>
<![CDATA[
[[ATTACHMENT|caja-blanca-CP-CU18-21---c-82b7e-estra-Acceso-no-autorizado--chromium/test-finished-1.png]]
]]>
</system-out>
</testcase>
<testcase name="CP-CU18-21 - caminos del control de acceso por rol (caja blanca) › CP-CU18-21 - camino 4: con rol permitido muestra el formulario de alta" classname="caja-blanca.spec.js" time="1.15">
<system-out>
<![CDATA[
[[ATTACHMENT|caja-blanca-CP-CU18-21---c-a7694-estra-el-formulario-de-alta-chromium/test-finished-1.png]]
]]>
</system-out>
</testcase>
<testcase name="CP-CU18-22 - rama de error al guardar (caja blanca) › CP-CU18-22 - falla de red" classname="caja-blanca.spec.js" time="0.838">
<system-out>
<![CDATA[
[[ATTACHMENT|caja-blanca-CP-CU18-22---r-00c53-a-CP-CU18-22---falla-de-red-chromium/test-finished-1.png]]
]]>
</system-out>
</testcase>
<testcase name="CP-CU18-22 - rama de error al guardar (caja blanca) › CP-CU18-22 - rechazo por permisos (RLS)" classname="caja-blanca.spec.js" time="1.403">
<system-out>
<![CDATA[
[[ATTACHMENT|caja-blanca-CP-CU18-22---r-26c89---rechazo-por-permisos-RLS--chromium/test-finished-1.png]]
]]>
</system-out>
</testcase>
<testcase name="CP-CU18-22 - rama de error al guardar (caja blanca) › CP-CU18-22 - error sin mensaje" classname="caja-blanca.spec.js" time="0.95">
<system-out>
<![CDATA[
[[ATTACHMENT|caja-blanca-CP-CU18-22---r-73027-CU18-22---error-sin-mensaje-chromium/test-finished-1.png]]
]]>
</system-out>
</testcase>
</testsuite>
<testsuite name="control-acceso.spec.js" timestamp="2026-10-06T21:09:34.620Z" hostname="chromium" tests="3" failures="0" skipped="0" time="1.635" errors="0">
<testcase name="CU18 — precondición: control de acceso al alta › CP-CU18-08 - sin sesión, el alta redirige a /login" classname="control-acceso.spec.js" time="0.422">
<system-out>
<![CDATA[
[[ATTACHMENT|control-acceso-CU18-—-prec-bf947-ón-el-alta-redirige-a-login-chromium/test-finished-1.png]]
]]>
</system-out>
</testcase>
<testcase name="CU18 — precondición: control de acceso al alta › rol inquilino › CP-CU18-09 - inquilino recibe &quot;Acceso no autorizado&quot; en el alta" classname="control-acceso.spec.js" time="0.607">
<system-out>
<![CDATA[
[[ATTACHMENT|control-acceso-CU18-—-prec-ec7f8-so-no-autorizado-en-el-alta-chromium/test-finished-1.png]]
]]>
</system-out>
</testcase>
<testcase name="CU18 — precondición: control de acceso al alta › rol propietario › CP-CU18-09 - propietario recibe &quot;Acceso no autorizado&quot; en el alta" classname="control-acceso.spec.js" time="0.606">
<system-out>
<![CDATA[
[[ATTACHMENT|control-acceso-CU18-—-prec-7842e-so-no-autorizado-en-el-alta-chromium/test-finished-1.png]]
]]>
</system-out>
</testcase>
</testsuite>
<testsuite name="cu12-consultar-pagos.spec.js" timestamp="2026-10-06T21:09:34.620Z" hostname="chromium" tests="4" failures="0" skipped="0" time="6.168" errors="0">
<testcase name="CU12 — Consultar estado de pagos (actor: Inquilino) › CP-CU12-00 - precondición: el inquilino tiene un contrato activo" classname="cu12-consultar-pagos.spec.js" time="0.649">
<system-out>
<![CDATA[
[[ATTACHMENT|cu12-consultar-pagos-CU12--61ace-no-tiene-un-contrato-activo-chromium/test-finished-1.png]]
]]>
</system-out>
</testcase>
<testcase name="CU12 — Consultar estado de pagos (actor: Inquilino) › CP-CU12-01 - &quot;Mis pagos&quot; muestra la lista cronológica de pagos (paso 3)" classname="cu12-consultar-pagos.spec.js" time="3.491">
<properties>
<property name="fail" value="CU12 no implementado: /inquilino/pagos muestra &quot;Próximamente&quot;">
</property>
</properties>
<system-out>
<![CDATA[
[[ATTACHMENT|cu12-consultar-pagos-CU12--e0c7d-ronológica-de-pagos-paso-3--chromium/test-finished-1.png]]

[[ATTACHMENT|cu12-consultar-pagos-CU12--e0c7d-ronológica-de-pagos-paso-3--chromium/error-context.md]]
]]>
</system-out>
</testcase>
<testcase name="CU12 — Consultar estado de pagos (actor: Inquilino) › CP-CU12-01 - evidencia: &quot;Mis pagos&quot; y &quot;Mi contrato&quot; están marcados como &quot;Próximamente&quot;" classname="cu12-consultar-pagos.spec.js" time="0.917">
<system-out>
<![CDATA[
[[ATTACHMENT|cu12-consultar-pagos-CU12--baeca-marcados-como-Próximamente--chromium/test-finished-1.png]]
]]>
</system-out>
</testcase>
<testcase name="CU12 — Consultar estado de pagos (actor: Propietario) › CP-CU12-06 - la sección &quot;Pagos&quot; del propietario existe pero sin datos" classname="cu12-consultar-pagos.spec.js" time="1.111">
<system-out>
<![CDATA[
[[ATTACHMENT|cu12-consultar-pagos-CU12--0e9a3-tario-existe-pero-sin-datos-chromium/test-finished-1.png]]
]]>
</system-out>
</testcase>
</testsuite>
<testsuite name="cu18-registrar-propiedad.spec.js" timestamp="2026-10-06T21:09:34.620Z" hostname="chromium" tests="20" failures="0" skipped="2" time="21.296" errors="0">
<testcase name="CU18 — Registrar propiedad (actor: Inmobiliaria) › CP-CU18-01 - alta con datos válidos se registra y publica" classname="cu18-registrar-propiedad.spec.js">
<properties>
<property name="skip" value="Caso con escritura: ejecutar con PERMITIR_ESCRITURA=1 (acordado con el Grupo 8, prefijo QA6-)">
</property>
</properties>
<skipped>
</skipped>
</testcase>
<testcase name="CU18 — Registrar propiedad (actor: Inmobiliaria) › CP-CU18-02 - campos obligatorios vacíos: no registra nada" classname="cu18-registrar-propiedad.spec.js" time="1.17">
<system-out>
<![CDATA[
[[ATTACHMENT|cu18-registrar-propiedad-C-4b451-ios-vacíos-no-registra-nada-chromium/test-finished-1.png]]
]]>
</system-out>
</testcase>
<testcase name="CU18 — Registrar propiedad (actor: Inmobiliaria) › CP-CU18-02 - campos obligatorios vacíos: mensaje según especificación (3.b.1)" classname="cu18-registrar-propiedad.spec.js" time="3.659">
<properties>
<property name="fail" value="DEF-CU18-01: el sistema no muestra &quot;Campos obligatorios sin rellenar&quot; ni lista los campos; sólo el globo nativo del navegador en el primer campo">
</property>
</properties>
<system-out>
<![CDATA[
[[ATTACHMENT|cu18-registrar-propiedad-C-61301-según-especificación-3-b-1--chromium/test-finished-1.png]]

[[ATTACHMENT|cu18-registrar-propiedad-C-61301-según-especificación-3-b-1--chromium/error-context.md]]
]]>
</system-out>
</testcase>
<testcase name="CU18 — Registrar propiedad (actor: Inmobiliaria) › CP-CU18-07 - superficie y descripción son obligatorias según el TP2" classname="cu18-registrar-propiedad.spec.js" time="1.428">
<properties>
<property name="fail" value="DEF-CU18-02: superficie y descripción figuran como obligatorias en el TP2 pero el sistema las acepta vacías (ni la validación del navegador ni la del código las exige)">
</property>
</properties>
<system-out>
<![CDATA[
[[ATTACHMENT|cu18-registrar-propiedad-C-59b8d-n-obligatorias-según-el-TP2-chromium/test-finished-1.png]]

[[ATTACHMENT|cu18-registrar-propiedad-C-59b8d-n-obligatorias-según-el-TP2-chromium/error-context.md]]
]]>
</system-out>
</testcase>
<testcase name="CU18 — Registrar propiedad (actor: Inmobiliaria) › CP-CU18-03 - precio = -1: rechazado (debajo del mínimo (min=1))" classname="cu18-registrar-propiedad.spec.js" time="1.14">
<system-out>
<![CDATA[
[[ATTACHMENT|cu18-registrar-propiedad-C-f3d6e-do-debajo-del-mínimo-min-1--chromium/test-finished-1.png]]
]]>
</system-out>
</testcase>
<testcase name="CU18 — Registrar propiedad (actor: Inmobiliaria) › CP-CU18-03 - precio = 0: rechazado (límite inferior - 1)" classname="cu18-registrar-propiedad.spec.js" time="0.541">
<system-out>
<![CDATA[
[[ATTACHMENT|cu18-registrar-propiedad-C-57d77-hazado-límite-inferior---1--chromium/test-finished-1.png]]
]]>
</system-out>
</testcase>
<testcase name="CU18 — Registrar propiedad (actor: Inmobiliaria) › CP-CU18-03 - precio = 1: aceptado (límite inferior)" classname="cu18-registrar-propiedad.spec.js" time="1.205">
<system-out>
<![CDATA[
[[ATTACHMENT|cu18-registrar-propiedad-C-a253f-1-aceptado-límite-inferior--chromium/test-finished-1.png]]
]]>
</system-out>
</testcase>
<testcase name="CU18 — Registrar propiedad (actor: Inmobiliaria) › CP-CU18-03 - precio = 2: aceptado (límite inferior + 1)" classname="cu18-registrar-propiedad.spec.js" time="1.124">
<system-out>
<![CDATA[
[[ATTACHMENT|cu18-registrar-propiedad-C-c68f5-aceptado-límite-inferior-1--chromium/test-finished-1.png]]
]]>
</system-out>
</testcase>
<testcase name="CU18 — Registrar propiedad (actor: Inmobiliaria) › CP-CU18-03 - precio = 1.5: rechazado (no entero (step=1))" classname="cu18-registrar-propiedad.spec.js" time="1.115">
<system-out>
<![CDATA[
[[ATTACHMENT|cu18-registrar-propiedad-C-4e9a3-rechazado-no-entero-step-1--chromium/test-finished-1.png]]
]]>
</system-out>
</testcase>
<testcase name="CU18 — Registrar propiedad (actor: Inmobiliaria) › CP-CU18-03 - dormitorios = -1: rechazado (debajo del mínimo (min=0))" classname="cu18-registrar-propiedad.spec.js" time="1.159">
<system-out>
<![CDATA[
[[ATTACHMENT|cu18-registrar-propiedad-C-109ef-do-debajo-del-mínimo-min-0--chromium/test-finished-1.png]]
]]>
</system-out>
</testcase>
<testcase name="CU18 — Registrar propiedad (actor: Inmobiliaria) › CP-CU18-03 - dormitorios = 0: aceptado (límite inferior)" classname="cu18-registrar-propiedad.spec.js" time="1.183">
<system-out>
<![CDATA[
[[ATTACHMENT|cu18-registrar-propiedad-C-284aa-0-aceptado-límite-inferior--chromium/test-finished-1.png]]
]]>
</system-out>
</testcase>
<testcase name="CU18 — Registrar propiedad (actor: Inmobiliaria) › CP-CU18-03 - dormitorios = 1: aceptado (límite inferior + 1)" classname="cu18-registrar-propiedad.spec.js" time="1.184">
<system-out>
<![CDATA[
[[ATTACHMENT|cu18-registrar-propiedad-C-45554-aceptado-límite-inferior-1--chromium/test-finished-1.png]]
]]>
</system-out>
</testcase>
<testcase name="CU18 — Registrar propiedad (actor: Inmobiliaria) › CP-CU18-03 - dormitorios = 1.5: rechazado (no entero)" classname="cu18-registrar-propiedad.spec.js" time="1.153">
<system-out>
<![CDATA[
[[ATTACHMENT|cu18-registrar-propiedad-C-6025b-os-1-5-rechazado-no-entero--chromium/test-finished-1.png]]
]]>
</system-out>
</testcase>
<testcase name="CU18 — Registrar propiedad (actor: Inmobiliaria) › CP-CU18-03 - supTotal = -0.01: rechazado (debajo del mínimo (min=0))" classname="cu18-registrar-propiedad.spec.js" time="1.147">
<system-out>
<![CDATA[
[[ATTACHMENT|cu18-registrar-propiedad-C-e7436-do-debajo-del-mínimo-min-0--chromium/test-finished-1.png]]
]]>
</system-out>
</testcase>
<testcase name="CU18 — Registrar propiedad (actor: Inmobiliaria) › CP-CU18-03 - supTotal = 0: aceptado (límite inferior)" classname="cu18-registrar-propiedad.spec.js" time="0.549">
<system-out>
<![CDATA[
[[ATTACHMENT|cu18-registrar-propiedad-C-9820d-0-aceptado-límite-inferior--chromium/test-finished-1.png]]
]]>
</system-out>
</testcase>
<testcase name="CU18 — Registrar propiedad (actor: Inmobiliaria) › CP-CU18-03 - supTotal = 0.01: aceptado (mínima precisión (step=0.01))" classname="cu18-registrar-propiedad.spec.js" time="0.571">
<system-out>
<![CDATA[
[[ATTACHMENT|cu18-registrar-propiedad-C-2b8d0-mínima-precisión-step-0-01--chromium/test-finished-1.png]]
]]>
</system-out>
</testcase>
<testcase name="CU18 — Registrar propiedad (actor: Inmobiliaria) › CP-CU18-03 - supTotal = 12.345: rechazado (tres decimales)" classname="cu18-registrar-propiedad.spec.js" time="0.61">
<system-out>
<![CDATA[
[[ATTACHMENT|cu18-registrar-propiedad-C-26433-5-rechazado-tres-decimales--chromium/test-finished-1.png]]
]]>
</system-out>
</testcase>
<testcase name="CU18 — Registrar propiedad (actor: Inmobiliaria) › CP-CU18-13 - superficie cubierta mayor que la total se rechaza al guardar" classname="cu18-registrar-propiedad.spec.js" time="0.811">
<system-out>
<![CDATA[
[[ATTACHMENT|cu18-registrar-propiedad-C-b583d-total-se-rechaza-al-guardar-chromium/test-finished-1.png]]
]]>
</system-out>
</testcase>
<testcase name="CU18 — Registrar propiedad (actor: Inmobiliaria) › CP-CU18-04 - la propiedad asignada aparece en &quot;Mis propiedades&quot; del propietario" classname="cu18-registrar-propiedad.spec.js">
<properties>
<property name="skip" value="Caso con escritura: ejecutar con PERMITIR_ESCRITURA=1 (acordado con el Grupo 8, prefijo QA6-)">
</property>
</properties>
<skipped>
</skipped>
</testcase>
<testcase name="CU18 — Registrar propiedad (actor: Inmobiliaria) › CP-CU18-05 - cancelar no registra la propiedad y vuelve al listado" classname="cu18-registrar-propiedad.spec.js" time="1.206">
<system-out>
<![CDATA[
[[ATTACHMENT|cu18-registrar-propiedad-C-23d6b-opiedad-y-vuelve-al-listado-chromium/test-finished-1.png]]
]]>
</system-out>
</testcase>
</testsuite>
<testsuite name="caja-blanca.spec.js" timestamp="2026-10-06T21:09:34.620Z" hostname="firefox" tests="19" failures="0" skipped="0" time="37.358" errors="0">
<testcase name="CP-CU18-20 - camino básico de validar() (caja blanca) › CP-CU18-20 - camino 1: título vacío" classname="caja-blanca.spec.js" time="2.043">
<system-out>
<![CDATA[
[[ATTACHMENT|caja-blanca-CP-CU18-20---c-2dcfc--20---camino-1-título-vacío-firefox/test-finished-1.png]]
]]>
</system-out>
</testcase>
<testcase name="CP-CU18-20 - camino básico de validar() (caja blanca) › CP-CU18-20 - camino 2: sin operación" classname="caja-blanca.spec.js" time="1.415">
<system-out>
<![CDATA[
[[ATTACHMENT|caja-blanca-CP-CU18-20---c-6b7d2-20---camino-2-sin-operación-firefox/test-finished-1.png]]
]]>
</system-out>
</testcase>
<testcase name="CP-CU18-20 - camino básico de validar() (caja blanca) › CP-CU18-20 - camino 3: sin tipo de inmueble" classname="caja-blanca.spec.js" time="1.468">
<system-out>
<![CDATA[
[[ATTACHMENT|caja-blanca-CP-CU18-20---c-112e7-mino-3-sin-tipo-de-inmueble-firefox/test-finished-1.png]]
]]>
</system-out>
</testcase>
<testcase name="CP-CU18-20 - camino básico de validar() (caja blanca) › CP-CU18-20 - camino 4: sin provincia" classname="caja-blanca.spec.js" time="1.638">
<system-out>
<![CDATA[
[[ATTACHMENT|caja-blanca-CP-CU18-20---c-007a8-20---camino-4-sin-provincia-firefox/test-finished-1.png]]
]]>
</system-out>
</testcase>
<testcase name="CP-CU18-20 - camino básico de validar() (caja blanca) › CP-CU18-20 - camino 5: sin ciudad" classname="caja-blanca.spec.js" time="1.531">
<system-out>
<![CDATA[
[[ATTACHMENT|caja-blanca-CP-CU18-20---c-a3722-18-20---camino-5-sin-ciudad-firefox/test-finished-1.png]]
]]>
</system-out>
</testcase>
<testcase name="CP-CU18-20 - camino básico de validar() (caja blanca) › CP-CU18-20 - camino 6: dirección vacía" classname="caja-blanca.spec.js" time="1.298">
<system-out>
<![CDATA[
[[ATTACHMENT|caja-blanca-CP-CU18-20---c-1a5a2----camino-6-dirección-vacía-firefox/test-finished-1.png]]
]]>
</system-out>
</testcase>
<testcase name="CP-CU18-20 - camino básico de validar() (caja blanca) › CP-CU18-20 - camino 7a: precio vacío" classname="caja-blanca.spec.js" time="1.26">
<system-out>
<![CDATA[
[[ATTACHMENT|caja-blanca-CP-CU18-20---c-85bef-20---camino-7a-precio-vacío-firefox/test-finished-1.png]]
]]>
</system-out>
</testcase>
<testcase name="CP-CU18-20 - camino básico de validar() (caja blanca) › CP-CU18-20 - camino 7b: precio 0" classname="caja-blanca.spec.js" time="1.76">
<system-out>
<![CDATA[
[[ATTACHMENT|caja-blanca-CP-CU18-20---c-738e2-U18-20---camino-7b-precio-0-firefox/test-finished-1.png]]
]]>
</system-out>
</testcase>
<testcase name="CP-CU18-20 - camino básico de validar() (caja blanca) › CP-CU18-20 - camino 8: dormitorios negativos" classname="caja-blanca.spec.js" time="1.337">
<system-out>
<![CDATA[
[[ATTACHMENT|caja-blanca-CP-CU18-20---c-ef77c-ino-8-dormitorios-negativos-firefox/test-finished-1.png]]
]]>
</system-out>
</testcase>
<testcase name="CP-CU18-20 - camino básico de validar() (caja blanca) › CP-CU18-20 - camino 9: baños negativos" classname="caja-blanca.spec.js" time="3.717">
<system-out>
<![CDATA[
[[ATTACHMENT|caja-blanca-CP-CU18-20---c-1c308----camino-9-baños-negativos-firefox/test-finished-1.png]]
]]>
</system-out>
</testcase>
<testcase name="CP-CU18-20 - camino básico de validar() (caja blanca) › CP-CU18-20 - camino 10: superficie total negativa" classname="caja-blanca.spec.js" time="2.117">
<system-out>
<![CDATA[
[[ATTACHMENT|caja-blanca-CP-CU18-20---c-43096-0-superficie-total-negativa-firefox/test-finished-1.png]]
]]>
</system-out>
</testcase>
<testcase name="CP-CU18-20 - camino básico de validar() (caja blanca) › CP-CU18-20 - camino 11: superficie cubierta negativa" classname="caja-blanca.spec.js" time="1.268">
<system-out>
<![CDATA[
[[ATTACHMENT|caja-blanca-CP-CU18-20---c-84e59-uperficie-cubierta-negativa-firefox/test-finished-1.png]]
]]>
</system-out>
</testcase>
<testcase name="CP-CU18-20 - camino básico de validar() (caja blanca) › CP-CU18-20 - camino 12: cubierta mayor que total" classname="caja-blanca.spec.js" time="1.557">
<system-out>
<![CDATA[
[[ATTACHMENT|caja-blanca-CP-CU18-20---c-09e7f-12-cubierta-mayor-que-total-firefox/test-finished-1.png]]
]]>
</system-out>
</testcase>
<testcase name="CP-CU18-21 - caminos del control de acceso por rol (caja blanca) › CP-CU18-21 - camino 1: mientras se carga el perfil muestra &quot;Cargando sesion...&quot;" classname="caja-blanca.spec.js" time="1.216">
<system-out>
<![CDATA[
[[ATTACHMENT|caja-blanca-CP-CU18-21---c-62cc8-il-muestra-Cargando-sesion--firefox/test-finished-1.png]]
]]>
</system-out>
</testcase>
<testcase name="CP-CU18-21 - caminos del control de acceso por rol (caja blanca) › CP-CU18-21 - camino 3 (sin perfil): con sesión pero sin perfil muestra &quot;Acceso no autorizado&quot;" classname="caja-blanca.spec.js" time="8.54">
<system-out>
<![CDATA[
[[ATTACHMENT|caja-blanca-CP-CU18-21---c-82b7e-estra-Acceso-no-autorizado--firefox/test-finished-1.png]]
]]>
</system-out>
</testcase>
<testcase name="CP-CU18-21 - caminos del control de acceso por rol (caja blanca) › CP-CU18-21 - camino 4: con rol permitido muestra el formulario de alta" classname="caja-blanca.spec.js" time="0.87">
<system-out>
<![CDATA[
[[ATTACHMENT|caja-blanca-CP-CU18-21---c-a7694-estra-el-formulario-de-alta-firefox/test-finished-1.png]]
]]>
</system-out>
</testcase>
<testcase name="CP-CU18-22 - rama de error al guardar (caja blanca) › CP-CU18-22 - falla de red" classname="caja-blanca.spec.js" time="1.404">
<system-out>
<![CDATA[
[[ATTACHMENT|caja-blanca-CP-CU18-22---r-00c53-a-CP-CU18-22---falla-de-red-firefox/test-finished-1.png]]
]]>
</system-out>
</testcase>
<testcase name="CP-CU18-22 - rama de error al guardar (caja blanca) › CP-CU18-22 - rechazo por permisos (RLS)" classname="caja-blanca.spec.js" time="1.279">
<system-out>
<![CDATA[
[[ATTACHMENT|caja-blanca-CP-CU18-22---r-26c89---rechazo-por-permisos-RLS--firefox/test-finished-1.png]]
]]>
</system-out>
</testcase>
<testcase name="CP-CU18-22 - rama de error al guardar (caja blanca) › CP-CU18-22 - error sin mensaje" classname="caja-blanca.spec.js" time="1.64">
<system-out>
<![CDATA[
[[ATTACHMENT|caja-blanca-CP-CU18-22---r-73027-CU18-22---error-sin-mensaje-firefox/test-finished-1.png]]
]]>
</system-out>
</testcase>
</testsuite>
<testsuite name="control-acceso.spec.js" timestamp="2026-10-06T21:09:34.620Z" hostname="firefox" tests="3" failures="0" skipped="0" time="6.012" errors="0">
<testcase name="CU18 — precondición: control de acceso al alta › CP-CU18-08 - sin sesión, el alta redirige a /login" classname="control-acceso.spec.js" time="3.563">
<system-out>
<![CDATA[
[[ATTACHMENT|control-acceso-CU18-—-prec-bf947-ón-el-alta-redirige-a-login-firefox/test-finished-1.png]]
]]>
</system-out>
</testcase>
<testcase name="CU18 — precondición: control de acceso al alta › rol inquilino › CP-CU18-09 - inquilino recibe &quot;Acceso no autorizado&quot; en el alta" classname="control-acceso.spec.js" time="1.588">
<system-out>
<![CDATA[
[[ATTACHMENT|control-acceso-CU18-—-prec-ec7f8-so-no-autorizado-en-el-alta-firefox/test-finished-1.png]]
]]>
</system-out>
</testcase>
<testcase name="CU18 — precondición: control de acceso al alta › rol propietario › CP-CU18-09 - propietario recibe &quot;Acceso no autorizado&quot; en el alta" classname="control-acceso.spec.js" time="0.861">
<system-out>
<![CDATA[
[[ATTACHMENT|control-acceso-CU18-—-prec-7842e-so-no-autorizado-en-el-alta-firefox/test-finished-1.png]]
]]>
</system-out>
</testcase>
</testsuite>
<testsuite name="cu12-consultar-pagos.spec.js" timestamp="2026-10-06T21:09:34.620Z" hostname="firefox" tests="4" failures="0" skipped="0" time="8.356" errors="0">
<testcase name="CU12 — Consultar estado de pagos (actor: Inquilino) › CP-CU12-00 - precondición: el inquilino tiene un contrato activo" classname="cu12-consultar-pagos.spec.js" time="0.947">
<system-out>
<![CDATA[
[[ATTACHMENT|cu12-consultar-pagos-CU12--61ace-no-tiene-un-contrato-activo-firefox/test-finished-1.png]]
]]>
</system-out>
</testcase>
<testcase name="CU12 — Consultar estado de pagos (actor: Inquilino) › CP-CU12-01 - &quot;Mis pagos&quot; muestra la lista cronológica de pagos (paso 3)" classname="cu12-consultar-pagos.spec.js" time="3.723">
<properties>
<property name="fail" value="CU12 no implementado: /inquilino/pagos muestra &quot;Próximamente&quot;">
</property>
</properties>
<system-out>
<![CDATA[
[[ATTACHMENT|cu12-consultar-pagos-CU12--e0c7d-ronológica-de-pagos-paso-3--firefox/test-finished-1.png]]

[[ATTACHMENT|cu12-consultar-pagos-CU12--e0c7d-ronológica-de-pagos-paso-3--firefox/error-context.md]]
]]>
</system-out>
</testcase>
<testcase name="CU12 — Consultar estado de pagos (actor: Inquilino) › CP-CU12-01 - evidencia: &quot;Mis pagos&quot; y &quot;Mi contrato&quot; están marcados como &quot;Próximamente&quot;" classname="cu12-consultar-pagos.spec.js" time="2.092">
<system-out>
<![CDATA[
[[ATTACHMENT|cu12-consultar-pagos-CU12--baeca-marcados-como-Próximamente--firefox/test-finished-1.png]]
]]>
</system-out>
</testcase>
<testcase name="CU12 — Consultar estado de pagos (actor: Propietario) › CP-CU12-06 - la sección &quot;Pagos&quot; del propietario existe pero sin datos" classname="cu12-consultar-pagos.spec.js" time="1.594">
<system-out>
<![CDATA[
[[ATTACHMENT|cu12-consultar-pagos-CU12--0e9a3-tario-existe-pero-sin-datos-firefox/test-finished-1.png]]
]]>
</system-out>
</testcase>
</testsuite>
<testsuite name="cu18-registrar-propiedad.spec.js" timestamp="2026-10-06T21:09:34.620Z" hostname="firefox" tests="20" failures="0" skipped="2" time="42.421" errors="0">
<testcase name="CU18 — Registrar propiedad (actor: Inmobiliaria) › CP-CU18-01 - alta con datos válidos se registra y publica" classname="cu18-registrar-propiedad.spec.js">
<properties>
<property name="skip" value="Caso con escritura: ejecutar con PERMITIR_ESCRITURA=1 (acordado con el Grupo 8, prefijo QA6-)">
</property>
</properties>
<skipped>
</skipped>
</testcase>
<testcase name="CU18 — Registrar propiedad (actor: Inmobiliaria) › CP-CU18-02 - campos obligatorios vacíos: no registra nada" classname="cu18-registrar-propiedad.spec.js" time="1.577">
<system-out>
<![CDATA[
[[ATTACHMENT|cu18-registrar-propiedad-C-4b451-ios-vacíos-no-registra-nada-firefox/test-finished-1.png]]
]]>
</system-out>
</testcase>
<testcase name="CU18 — Registrar propiedad (actor: Inmobiliaria) › CP-CU18-02 - campos obligatorios vacíos: mensaje según especificación (3.b.1)" classname="cu18-registrar-propiedad.spec.js" time="5.017">
<properties>
<property name="fail" value="DEF-CU18-01: el sistema no muestra &quot;Campos obligatorios sin rellenar&quot; ni lista los campos; sólo el globo nativo del navegador en el primer campo">
</property>
</properties>
<system-out>
<![CDATA[
[[ATTACHMENT|cu18-registrar-propiedad-C-61301-según-especificación-3-b-1--firefox/test-finished-1.png]]

[[ATTACHMENT|cu18-registrar-propiedad-C-61301-según-especificación-3-b-1--firefox/error-context.md]]
]]>
</system-out>
</testcase>
<testcase name="CU18 — Registrar propiedad (actor: Inmobiliaria) › CP-CU18-07 - superficie y descripción son obligatorias según el TP2" classname="cu18-registrar-propiedad.spec.js" time="5.98">
<properties>
<property name="fail" value="DEF-CU18-02: superficie y descripción figuran como obligatorias en el TP2 pero el sistema las acepta vacías (ni la validación del navegador ni la del código las exige)">
</property>
</properties>
<system-out>
<![CDATA[
[[ATTACHMENT|cu18-registrar-propiedad-C-59b8d-n-obligatorias-según-el-TP2-firefox/test-finished-1.png]]

[[ATTACHMENT|cu18-registrar-propiedad-C-59b8d-n-obligatorias-según-el-TP2-firefox/error-context.md]]
]]>
</system-out>
</testcase>
<testcase name="CU18 — Registrar propiedad (actor: Inmobiliaria) › CP-CU18-03 - precio = -1: rechazado (debajo del mínimo (min=1))" classname="cu18-registrar-propiedad.spec.js" time="1.995">
<system-out>
<![CDATA[
[[ATTACHMENT|cu18-registrar-propiedad-C-f3d6e-do-debajo-del-mínimo-min-1--firefox/test-finished-1.png]]
]]>
</system-out>
</testcase>
<testcase name="CU18 — Registrar propiedad (actor: Inmobiliaria) › CP-CU18-03 - precio = 0: rechazado (límite inferior - 1)" classname="cu18-registrar-propiedad.spec.js" time="0.953">
<system-out>
<![CDATA[
[[ATTACHMENT|cu18-registrar-propiedad-C-57d77-hazado-límite-inferior---1--firefox/test-finished-1.png]]
]]>
</system-out>
</testcase>
<testcase name="CU18 — Registrar propiedad (actor: Inmobiliaria) › CP-CU18-03 - precio = 1: aceptado (límite inferior)" classname="cu18-registrar-propiedad.spec.js" time="1.03">
<system-out>
<![CDATA[
[[ATTACHMENT|cu18-registrar-propiedad-C-a253f-1-aceptado-límite-inferior--firefox/test-finished-1.png]]
]]>
</system-out>
</testcase>
<testcase name="CU18 — Registrar propiedad (actor: Inmobiliaria) › CP-CU18-03 - precio = 2: aceptado (límite inferior + 1)" classname="cu18-registrar-propiedad.spec.js" time="1.129">
<system-out>
<![CDATA[
[[ATTACHMENT|cu18-registrar-propiedad-C-c68f5-aceptado-límite-inferior-1--firefox/test-finished-1.png]]
]]>
</system-out>
</testcase>
<testcase name="CU18 — Registrar propiedad (actor: Inmobiliaria) › CP-CU18-03 - precio = 1.5: rechazado (no entero (step=1))" classname="cu18-registrar-propiedad.spec.js" time="1.044">
<system-out>
<![CDATA[
[[ATTACHMENT|cu18-registrar-propiedad-C-4e9a3-rechazado-no-entero-step-1--firefox/test-finished-1.png]]
]]>
</system-out>
</testcase>
<testcase name="CU18 — Registrar propiedad (actor: Inmobiliaria) › CP-CU18-03 - dormitorios = -1: rechazado (debajo del mínimo (min=0))" classname="cu18-registrar-propiedad.spec.js" time="1.503">
<system-out>
<![CDATA[
[[ATTACHMENT|cu18-registrar-propiedad-C-109ef-do-debajo-del-mínimo-min-0--firefox/test-finished-1.png]]
]]>
</system-out>
</testcase>
<testcase name="CU18 — Registrar propiedad (actor: Inmobiliaria) › CP-CU18-03 - dormitorios = 0: aceptado (límite inferior)" classname="cu18-registrar-propiedad.spec.js" time="0.964">
<system-out>
<![CDATA[
[[ATTACHMENT|cu18-registrar-propiedad-C-284aa-0-aceptado-límite-inferior--firefox/test-finished-1.png]]
]]>
</system-out>
</testcase>
<testcase name="CU18 — Registrar propiedad (actor: Inmobiliaria) › CP-CU18-03 - dormitorios = 1: aceptado (límite inferior + 1)" classname="cu18-registrar-propiedad.spec.js" time="1.628">
<system-out>
<![CDATA[
[[ATTACHMENT|cu18-registrar-propiedad-C-45554-aceptado-límite-inferior-1--firefox/test-finished-1.png]]
]]>
</system-out>
</testcase>
<testcase name="CU18 — Registrar propiedad (actor: Inmobiliaria) › CP-CU18-03 - dormitorios = 1.5: rechazado (no entero)" classname="cu18-registrar-propiedad.spec.js" time="1.596">
<system-out>
<![CDATA[
[[ATTACHMENT|cu18-registrar-propiedad-C-6025b-os-1-5-rechazado-no-entero--firefox/test-finished-1.png]]
]]>
</system-out>
</testcase>
<testcase name="CU18 — Registrar propiedad (actor: Inmobiliaria) › CP-CU18-03 - supTotal = -0.01: rechazado (debajo del mínimo (min=0))" classname="cu18-registrar-propiedad.spec.js" time="6.667">
<system-out>
<![CDATA[
[[ATTACHMENT|cu18-registrar-propiedad-C-e7436-do-debajo-del-mínimo-min-0--firefox/test-finished-1.png]]
]]>
</system-out>
</testcase>
<testcase name="CU18 — Registrar propiedad (actor: Inmobiliaria) › CP-CU18-03 - supTotal = 0: aceptado (límite inferior)" classname="cu18-registrar-propiedad.spec.js" time="1.751">
<system-out>
<![CDATA[
[[ATTACHMENT|cu18-registrar-propiedad-C-9820d-0-aceptado-límite-inferior--firefox/test-finished-1.png]]
]]>
</system-out>
</testcase>
<testcase name="CU18 — Registrar propiedad (actor: Inmobiliaria) › CP-CU18-03 - supTotal = 0.01: aceptado (mínima precisión (step=0.01))" classname="cu18-registrar-propiedad.spec.js" time="1.112">
<system-out>
<![CDATA[
[[ATTACHMENT|cu18-registrar-propiedad-C-2b8d0-mínima-precisión-step-0-01--firefox/test-finished-1.png]]
]]>
</system-out>
</testcase>
<testcase name="CU18 — Registrar propiedad (actor: Inmobiliaria) › CP-CU18-03 - supTotal = 12.345: rechazado (tres decimales)" classname="cu18-registrar-propiedad.spec.js" time="2.615">
<system-out>
<![CDATA[
[[ATTACHMENT|cu18-registrar-propiedad-C-26433-5-rechazado-tres-decimales--firefox/test-finished-1.png]]
]]>
</system-out>
</testcase>
<testcase name="CU18 — Registrar propiedad (actor: Inmobiliaria) › CP-CU18-13 - superficie cubierta mayor que la total se rechaza al guardar" classname="cu18-registrar-propiedad.spec.js" time="1.578">
<system-out>
<![CDATA[
[[ATTACHMENT|cu18-registrar-propiedad-C-b583d-total-se-rechaza-al-guardar-firefox/test-finished-1.png]]
]]>
</system-out>
</testcase>
<testcase name="CU18 — Registrar propiedad (actor: Inmobiliaria) › CP-CU18-04 - la propiedad asignada aparece en &quot;Mis propiedades&quot; del propietario" classname="cu18-registrar-propiedad.spec.js">
<properties>
<property name="skip" value="Caso con escritura: ejecutar con PERMITIR_ESCRITURA=1 (acordado con el Grupo 8, prefijo QA6-)">
</property>
</properties>
<skipped>
</skipped>
</testcase>
<testcase name="CU18 — Registrar propiedad (actor: Inmobiliaria) › CP-CU18-05 - cancelar no registra la propiedad y vuelve al listado" classname="cu18-registrar-propiedad.spec.js" time="3.282">
<system-out>
<![CDATA[
[[ATTACHMENT|cu18-registrar-propiedad-C-23d6b-opiedad-y-vuelve-al-listado-firefox/test-finished-1.png]]
]]>
</system-out>
</testcase>
</testsuite>
</testsuites>